ok    默认方言是 2.0（翻默认值的前提：真机点击到达 + 2.0 e2e 全绿）
ok    send_clarify 返回成功
ok    发出的是 interactive 卡片消息（不是纯文本）
ok    待答卡是 legacy 1.0 且按钮在 action 容器里
ok    两个选项 + 一个『其他』= 3 个按钮
ok    第一个按钮 value 带答案
ok    按钮 value 带问题原文（回填卡要用）
ok    网关 waiter 被解除阻塞并拿到答案（实得 'A 方案'）
ok    回调原地回填了『已答复』卡
ok    回填卡也是 1.0 方言（混 2.0 会被飞书丢弃）
ok    末位按钮是『其他』哨兵
ok    点之前不处于文字等待态
ok    点『其他』后转为等待用户输入文字
ok    点『其他』不会提交答案、不会解除阻塞
ok    2.0 方言确实生效（clarify_dialect=2.0）
ok    2.0 卡的每个交互组件都必须带组件级 behaviors（缺：[]）
ok    2.0 卡里不能混 1.0 的 note / action 行（飞书会拒收）
ok    2.0 单选的 action.option 能真正解除网关阻塞（走真判据）
ok    响应必须是真 SDK 类的实例（实得 P2CardActionTriggerResponse）
ok    成功那一击：响应里只有卡、没有 toast
ok    成功响应里真的装着换上去的卡：{"card": {"data": {"body": {"elements": [{"content": "❓ 单选还是多选？", "tag": "markdown"}, {"content": "✅ **B 方案**　—　ou_zayn", "tag": "markdown"}]}, "config": {"summary": {"content": "单选还是多选？"}, "update_mu
ok    成功响应里 toast 必须是**空的**（允许出现 null 键，值必须为空）：{"card": {"data": {"body": {"elements": [{"content": "❓ 单选还是多选？", "tag": "markdown"}, {"content": "✅ **B 方案**　—　ou_zayn", "tag": "markdown"}]}, "config": {"summary": {"content": "单选还是多选？"}, "update_mu
ok    失败态响应也必须是真 SDK 类的实例（实得 P2CardActionTriggerResponse）
ok    重复点击：响应里只有 toast、**没有卡**（有卡就是把已确认退回待答）
ok    失败提示应当是 error：'error'
ok    线上载荷里不许邀请用户重试（这次重试永远不可能成功）：{"card": null, "toast": {"content": "这条澄清已被处理或已过期，无需重复点击", "i18n": {"en_us": "Already handled or expired — no need to tap again", "zh_cn": "这条澄清已被处理或已过期，无需重复点击"}, "type": "error"}}
ok    线上载荷必须说明「无需重复点击」：{"card": null, "toast": {"content": "这条澄清已被处理或已过期，无需重复点击", "i18n": {"en_us": "Already handled or expired — no need to tap again", "zh_cn": "这条澄清已被处理或已过期，无需重复点击"}, "type": "error"}}
ok    失败响应的卡必须是**空的**（带卡就等于把已确认退回待答）：{"card": null, "toast": {"content": "这条澄清已被处理或已过期，无需重复点击", "i18n": {"en_us": "Already handled or expired — no need to tap again", "zh_cn": "这条澄清已被处理或已过期，无需重复点击"}, "type": "error"}}
ok    2.0 多选没能解除阻塞（实得 '["A 方案", "C 方案"]'）
ok    2.0 多选答案在下游解码后不对：['A 方案', 'C 方案']
ok    输入框的答案被解到了**另一个**澄清上（假确认 + 错答案）
ok    输入框的答案没有落在它自己那个澄清上
ok    输入框答案解析不对：'立即回滚'
ok    输入框里的散文没有被接受（打了字、回车、什么都没发生）
ok    散文答案被改写了：'我想先观察一下再说'
ok    _card_response 可用
ok    SDK 类名已绑定，卡响应不是 None（否则点击后卡片永远不刷新）
ok    非 larkdeck 的点击原样交回内置实现

CLARIFY E2E OK
--- stderr ---
[larkdeck] 澄清提交未生效（clarify=cid-e2e-3）—— 该澄清已被处理或已过期；卡片保持原样，无需重复点击
