基线自校验：{'test_units.py': ('green', '224/224 passed'), 'check_override.py': ('green', 'OVERRIDE OK'), 'check_hooks.py': ('green', 'HOOKS OK'), 'check_clarify_e2e.py': ('green', '[larkdeck] 澄清提交未生效（clarify=cid-e2e-3）—— 该澄清已被处理或已过期；卡片保持原样，无需重复点击')}
🔴 断言失败 CLS-1-工具状态退回旧 emoji 前缀（Succeeded/Running/Failed 状态词消失）  期望=test_units 实红=['test_units.py'] 断言红=['test_units.py']
🔴 断言失败 CLS-2-工具细节退回反引号代码块（CLS 的灰色小字消失）  期望=test_units 实红=['test_units.py', 'check_hooks.py'] 断言红=['test_units.py', 'check_hooks.py']
🔴 断言失败 CLS-3-被截断的 JSON 预览不做有界提取（命令 / skill 名字整段消失）  期望=test_units 实红=['test_units.py'] 断言红=['test_units.py']
🔴 断言失败 CLS-4-工具分区标题整块丢掉（步数看不见）  期望=test_units 实红=['test_units.py', 'check_hooks.py'] 断言红=['test_units.py', 'check_hooks.py']
🔴 断言失败 CLS-5-未知工具状态解包崩溃（cancelled 工具把整块面板带走）  期望=test_units 实红=['test_units.py'] 断言红=['test_units.py']
🔴 断言失败 CLS-6-工具耗时不挡 NaN/Inf（坏 hook 数据让面板计算报错或显示假值）  期望=test_units 实红=['test_units.py'] 断言红=['test_units.py']
🔴 断言失败 CLS-7-推理轮总耗时不再封顶（10**400 让 /1000.0 溢出）  期望=test_units 实红=['test_units.py'] 断言红=['test_units.py']
🔴 断言失败 CLS-8-分区标题不占面板元素额度（元素墙重新出现 2 个元素的缝）  期望=test_units 实红=['test_units.py'] 断言红=['test_units.py']
🔴 断言失败 CLS-9-已知类别的预览退回「第一个值」兜底（把 note 当命令展示）  期望=test_units 实红=['test_units.py'] 断言红=['test_units.py']
🔴 断言失败 CLS-10-合法 JSON 缺类别键时回退任意首标量（note 被当命令展示）  期望=test_units 实红=['test_units.py'] 断言红=['test_units.py']
🔴 断言失败 CLS-11-截断预览不再解 \uXXXX（CJK 命令细节显示成字面 u4e2d）  期望=test_units 实红=['test_units.py'] 断言红=['test_units.py']
🔴 断言失败 CLS-12-工具动作词退回中文（CLS 英文动作词 + i18n 边界失效）  期望=test_units 实红=['test_units.py'] 断言红=['test_units.py']
🔴 断言失败 CLS-13-neutral cancelled 退回未知 •（状态符号表与真实状态集分叉）  期望=test_units 实红=['test_units.py'] 断言红=['test_units.py']
🔴 断言失败 CLS-14-panel_color_tags 不推给 cards（D3 降级在生产不可达）  期望=test_units 实红=['test_units.py'] 断言红=['test_units.py']
🔴 断言失败 CLS-15-颜色降级短路失效（关开关仍输出 <font>）  期望=test_units 实红=['test_units.py'] 断言红=['test_units.py']
🔴 断言失败 CLS-16-STATUS_ERROR 映射成完成（❌ 执行出错静默变 ✅）  期望=test_units 实红=['test_units.py'] 断言红=['test_units.py']
🔴 断言失败 CLS-17-非法 \uXXXX 不校验（负码点/半截代理崩溃）  期望=test_units 实红=['test_units.py'] 断言红=['test_units.py']
🔴 断言失败 CLS-18-neutral 坏 duration 不再挡 NaN/Inf（面板整块丢失）  期望=test_units 实红=['test_units.py'] 断言红=['test_units.py']
🔴 断言失败 CLS-19-每轮耗时不再封顶（10**400 让轮标题溢出）  期望=test_units 实红=['test_units.py'] 断言红=['test_units.py']
🔴 断言失败 CLS-20-已知类别首键是 dict/list 时不再继续找可用标量  期望=test_units 实红=['test_units.py'] 断言红=['test_units.py']
🔴 断言失败 CLS-21-Load skill 动作词退回中文（D2 表不再一致）  期望=test_units 实红=['test_units.py'] 断言红=['test_units.py']

全部 21 条变异都被门禁抓住 ✅
