✅ HK-页脚不再透传 base_url（窗口退化成家族兜底 128K）
✅ P1-阈值被后面的旧赋值覆盖（历史阻断项的形态）
✅ P1-阈值高到超过飞书硬上限
✅ P1-阈值退回降载预算
✅ P8-告警的原始口径传字符数
✅ P2-越界告警降级成 debug
✅ P2b-坏值（转不动）不再报警
✅ P3a-加一个含连字符的 yaml-only 键
✅ P3a-加一个含数字的 yaml-only 键
✅ P3b-把一个键挪到别的键之后
✅ P3c-type 与代码默认值不符
✅ P3d-整数默认值写成带引号
✅ P3e-整数默认值写成浮点
✅ P3f-布尔默认值写成 1
✅ P3g-删掉一个键
✅ P4-删掉 _positive 的 nan/inf 半段
✅ P4-streaming_config 不再夹取
✅ P5a-probe_report 不再上报 missing_reactions
✅ P5a2-probe_report 删掉 missing_reactions 键
✅ P5b-删掉 reactions 那条 WARNING
✅ P5c-两条 WARNING 的列表串了
✅ P5d-报告缺键时不再报警
✅ P5e-REACTION_ADAPTER_ATTRS 不再登记 _reactions_enabled
✅ S1-超预算档不再补状态小面板
✅ S2-小面板不受硬上限约束
✅ S3-status_shell 不认状态色
✅ S4-status_shell 丢掉状态文字
✅ A01-硬上限改到远超实测包络
✅ A03-余量放大到 50000（窗口被压小）
✅ A05-余量缩到实测开销 298
✅ A07-阈值改成手写死值
✅ A08-正文只留 1 份
✅ C18-上限改成字面量 2001（与 cards 分叉）
✅ C24-坏值不再报警
✅ D24-删掉一个键的 type 声明
✅ D26-default 改折叠标量
✅ D27-解析器不再响亮失败
✅ D28-段尾顶格行静默 break
✅ E37-PROBE_REPORT_KEYS 少一项
✅ T1-建卡不再显示占位（空白卡）
✅ T2-收尾帧也带占位（空答案永远「正在生成」）
✅ T3-面板标题丢掉耗时段
✅ T4-footer_line 不再渲染耗时
✅ T5-每轮耗时标题不再渲染
✅ F1-追踪判据退回原始 utf-8 口径
✅ F1b-判据不再做 JSON 转义
✅ F2-壳可以长到超过余量（复合不变量）
✅ F7-壳分支丢掉打字机配置
✅ F8-降载日志的档位写死成 ok
✅ F8b-降载日志不打字节数
✅ F6-_as_int 丢掉 OverflowError 捕获
✅ F9-adapter 抄字面量硬上限
✅ F9b-打字机上限抄字面量
✅ F9c-追踪阈值抄字面量
✅ SEQ1-seed 帧不再带等待期占位
✅ SEQ2-收尾帧不再画状态色
✅ SEQ3-收尾帧不关 streaming_mode
✅ SEQ4-/stop 重绘不再带中止色
✅ A1a-判据退回「只看近似阈值」
✅ A1b-真判据恒真（不丢正文）
✅ A1c-真判据不再检查有没有颜色
✅ A2-判据口径退回原始 utf-8
✅ A2b-判据口径用 ensure_ascii=True
✅ A15-降载日志调用点传 0 字节
✅ A16-降载日志调用点档位写死
✅ A17-瞬态码表删掉官方限流码
✅ A18-瞬态码表混入确定性拒收
✅ A5-真判据在 cards.py 里再抄一份数字
✅ CK2-正文写失败被吞（不回落）
✅ CK3-序号不递增（成功路径不推进计数器）
✅ CK4-不写面板元素（面板永不更新）
✅ CK7-建实体时面板开关写死成 True（无视统一面板配置）
✅ CK8-面板关掉后仍然去写面板元素（真机 300313 ⇒ 整回合打回纯文本）
✅ CK7b-cards.py 里把面板参数当恒真（结构不看配置）
✅ CK6-默认传输被顺手改回 patch（或改坏）
✅ CK9-_ld_transport 里写死一条传输（运行时不再跟随配置/默认）
✅ CK10-启动自检不再自报 native 传输
✅ CK25-写入请求的 uuid 形状变了（golden trace 必须抓到）
✅ CK26-提交点在前（正文先写、装饰后写）
✅ CK24-平台 entry 透传退回手写清单（丢掉 standalone_sender_fn 等）
✅ CK22-自报的传输与实际生效的不一致（日志说 patch，跑的却是 cardkit）
✅ CK11-建实体拿到空 card_id 也照样发实体卡
✅ CK12-元素写入不再退避重试（撞一次限流整回合掉 native）
✅ CK13-限流退避表里混进结构性码（300309 白等三轮才回落）
✅ CK14-建实体不再退避重试（限流一次就没卡了）
✅ R2-1-装饰不走 batch（改走 content，而且只写第一个元素）
✅ R2-2-页脚元素不看 `footer` 配置（关掉了还在卡里留个空壳）
✅ R2-3-装饰失败升级成整帧失败（买下「DM 两张卡」那条链）
✅ R2-4-装饰失败不标死（后续每帧继续白试同一个元素）
✅ R2-5-标死的元素仍然每帧重试（把 ck_dead 过滤去掉）
✅ R2-6-页脚内容不进 ops（页脚元素永远是空壳）
✅ R2-7-装饰每帧无条件重写（未变化不重写失效 ⇒ 稳态下写入翻倍）
✅ R2-8-去重只看元素 id、不比内容（装饰改了却永远不再写 ⇒ 静默冻结）
✅ R2-9-记账不留历史（本帧只写面板 ⇒ 页脚的记录被抹掉，下一帧白写一次）
✅ R2-10-把卡级写入上限的口径悄悄调大（预算跟着变松）
✅ R2-11-建实体不再守元素墙（真机 300305 ⇒ 整卡被拒、这一帧什么都没有）
✅ R2-12-元素墙只数顶层元素（面板里塞满子元素就溜过去了）
✅ R2-13-记账提前到 batch 调用之前（没写成功也算「已写」⇒ 静默冻结的种子）
✅ R2-14-退避表少一项（调用放大效应的最坏值变了，而文档口径没变）
✅ R5-1-卡级死法仍然 fail-open（不降级 ⇒ 用户后面看到纯文本）
✅ R5-2-降级时另建一张卡（DM 里两张卡）
✅ R5-3-降级但不清 card_id（之后每帧仍然写已关的会话 ⇒ 每帧失败）
✅ R5-4-撤回守卫不生效（消息没了还继续往它写）
✅ R5-5-撤回之后自己补发一条（DM 两张卡）
✅ R5-6-批量失败时无视 msg 点名，整批标死（好的装饰也一起冻）
✅ R5-7-点名的坏元素认错（把 blamed 当成好元素放过去，写它每帧 300313）
✅ R5-8-追踪表没有上界（长驻进程慢性泄漏）
✅ R5-10-降级 patch 打错卡（打到别的 message_id ⇒ 老卡静默冻结）
✅ R5-11-装饰撞上卡级死法却不降级（后续每帧往关掉的会话写正文）
✅ R5-12-卡级死法集只剩会话已关（序号冲突/元素不存在不再降级）
✅ R5-13-装饰告警不再列出受影响的元素（排查时不知道冻了哪几个）
✅ R5-14-解析出的坏 id 不核对是否在本批（截断/误伤 ⇒ 标死好元素、放走坏元素）
✅ R5-15-坏 id 解析不设码门槛（别的码的 msg 里出现 elementID 就照解析）
✅ R5-16-活跃度不再刷新（长静默回合被当泄漏流回收 ⇒ 另发一张新卡）
✅ R7-1-页脚指标无视配置（默认 off 也照 full 渲染）
✅ R7-2-认不出的取值当成 full（不猜却放大了）
✅ R7-4-会话预览传裸字符串（真机回 300122，预览整条失效）
✅ R7-5-会话预览不限频（每帧都写 ⇒ 超每帧写入预算）
✅ R7-6-会话预览写失败升级成整帧失败（为了列表预览掉纯文本）
✅ R7-7-会话预览不占序号（与元素写入账本脱钩 ⇒ 真机撞号）
✅ R6a-1-流式收尾帧不做卫生（前缀链断掉 ⇒ 回答重发一遍）
✅ R6a-2-改回「补一个 `**` 收尾」（把尾巴吞进加粗）
✅ R6a-3-卫生不管代码区（把代码块里的 `#`/`**` 也改坏）
✅ R6a-4-先降级标题再删游离 `**`（奇偶性被搅乱 ⇒ 删错标记）
✅ R6a-5-未闭合围栏不延伸到文末（核心的边界收尾会把代码内容改坏）
✅ R6a-6-四反引号围栏不认（里层 ``` 被当成外层闭合 ⇒ 代码内容当正文）
✅ R6a-7-`~~~` 围栏不认（波浪线围栏里的 #/** 被当成 markdown）
✅ R6a-9-删最后一个游离 `**`（拆掉后文合法加粗对 ⇒ 整段被吞进加粗）
✅ R6a-10-`edit_message` 两条路径一起做卫生（中间帧前缀链断掉）
✅ R6a-11-`send()` 不做卫生（同一段文本两条路径长得不一样）
✅ R6a-12-`/stop` 重绘不做卫生（中止的回合看不到任何卫生）
✅ R6a-13-不剥标题体的尾随闭合法 `#`（`# 标题 ####` 把 #### 露成可见噪声）
✅ R6a-14-用 `str.strip()` 清标题体（吞掉正文里的全角空格）
✅ R6a-15-卫生后不过字节闸门（超限的收尾卡被拒 ⇒ 整条回答掉成纯文本）
✅ R6a-17-行内代码的排除回到 O(围栏数 × 行内代码数)（收尾帧被拖慢）
✅ R6a-20-`_code_spans` 退化成恒返回空列表（代码区判据整个失效）
✅ R6a-18-进度表某行的「证据」列被掏空（记录空洞化却骗过旧门禁）
✅ R7-3-缺数据编成 0（页脚显示「⚡ 0%」这种假读数）
✅ R7-8-预览写的异常不再兜底（一次连接重置就把整帧拖红 ⇒ 掉纯文本）
✅ R7-9-预览写成功但不记账（限频被彻底废掉 ⇒ 之后每帧都写）
✅ R7-10-预览写失败时把序号退回去（下一次写撞号 ⇒ 静默半更新）
✅ R7-11-预览写的去重键退化成常量（服务端当成重发 ⇒ 列表永远停在第一条）
✅ R7-12-页脚把「真的 0% 命中」当成缺数据（真实读数被吞掉）
✅ R7-13-预览也跟着退避重试（白白给这一帧加最多 ≈1 秒）
✅ PL-1-无视配置一律转发父类（工具行又并进正文）
✅ PL-2-工具行开关默认翻成 true（用户会看到正文区又滚工具行）
✅ R5-17-降级那一帧丢掉本帧算出的标死（同一件事两处真相）
✅ R5-9-追踪表按创建时刻淘汰（长回合的卡被踢 ⇒ 卡片永久冻结）
✅ U1-空元素表/一个 op 都写不出去被当作成功（卡片静默冻死、无日志、不回落）
✅ U2-序号读取退回裸 int()（坏值会抛 ⇒ 整回合掉 native）
✅ U4-角色判据放宽（正文失败被误诊成面板失败）
✅ U4b-失败文案退化成常量（真机上分不清哪个元素死了）
✅ W5-失败帧把序号写死成 1（下一帧撞号 ⇒ 300317 ⇒ 掉 native）
✅ W6-面板内容被写成常量（内容整条丢失）
✅ W6b-正文内容被写成常量
✅ U3-元素表改成「另读一遍配置」（与建出来的卡是两个真相源）
✅ R7-D1-TTFB 的差值方向反了（负差被当成 None，页脚永远没有首字延迟）
✅ R7-D2-`_as_float` 不再挡 inf（`round(inf)` 会抛 OverflowError 炸掉渲染）
✅ CK15-建实体不再守字节硬上限（144KB 的卡真的发出去）
✅ CK16-实体卡面板无视用户的三个上限（推理块与工具块都不截断）
✅ CK17-面板元素失败告警不再限流（每帧一条刷爆日志）
✅ CK19-建实体时把回复锚点丢掉（回答不再挂在提问下面）
✅ CK20-实体卡不再开流式会话（逐字打字机的总开关）
✅ CK21-发实体卡不带 uuid（重试会多发一张冻结卡）
✅ CK23-一帧塞不下时不再 fail-open（往一张新卡里硬写超上限的增量）
✅ CK18-超预算告警不再限流
✅ R3-1-面板只建一块（工具块没有自己的元素 ⇒ 拆开白做）
✅ R3-2-写入计划里丢掉工具块（工具行永远不更新）
✅ R3-3-两块写反（工具内容写进推理块、推理内容写进工具块）
✅ R3-4-推理块把工具行也一起装进去（回到「一个 markdown 装全部」）
✅ R3-5-工具块忘了截断（长工具输出把卡片顶爆）
✅ R10-4-删掉每回合自检汇总（三个症状又变回只能靠用户截图）
✅ R10-1-面板状态退回模块局部（插件被加载两次时钩子写一份、卡片读另一份）
✅ R10-3-页脚指标退回模块局部（卡片上永远没有页脚那行）
✅ R10-2-写卡账本退回模块局部（卡片永远说「累计 0 帧」）
✅ R3-7-降级车道改用实体卡形状（把面板两块塞进普通卡载荷）
✅ R3-6-工具块的裁减方向写反（丢掉最近的、保留最早的）
✅ M30-两个元素 id 撞车
✅ M31-面板 body 的 id 抄错字面量
✅ CK27-失败那一帧不回写序号（下一帧撞同一个 uuid ⇒ 静默半更新）
✅ M07-正文写失败被吞（当作成功继续，不回落）
✅ M07b-装饰写失败不再留痕（「正文在长、装饰冻结」没了唯一线索）
✅ P6-轮耗时恒为 0
✅ R7-14-预览限频窗口被改成 1 秒（写入预算随之翻倍，附录 B 失效）
✅ R7-15-CardKit 请求构造器少了 settings_card（预览整条静默失效）
✅ R7-16-会话预览的两个模型并回同一个 import 块（老 SDK 缺它会关掉整条传输）
✅ R9-1-`/larkdeck` 命令不再注册（自检入口整条消失）
✅ R9-2-没有记录时写「正常」（一张永远说健康的自检卡）
✅ R9-3-入站心跳不再记账（心跳永远「无记录」）
✅ R9-4-首发建卡不记账（短回答的回合会被报成「一次都没写」）
✅ R9-5-`send()` 报「成功」但没拿到 message_id 时也算写卡（卡在飞书侧没有落点）
✅ R9-6-帧失败不记账（用户问「为什么掉纯文本」时答不出来）
✅ R9-7-版本号改成写死的常量（卡片自信地报一个错的版本）
✅ R9-8-不认识的命令参数被静默当成 status（用户以为参数生效了）
✅ R9-9-cardkit 的 seed 建实体不记账（默认传输下首发帧等于不存在）
✅ R9-10-cardkit 的元素写那一帧不记账（真机主路径不记，状态卡永远说「无记录」）
✅ R9-11-元素写成功但装饰拿到卡级死法那一帧不记账（降级决定落地的那一帧）
✅ R9-12-`_ld_update_card` 成功却不记账（patch 帧 / 收尾 / 降级补写 / 非流式 edit 全丢）
✅ R9-13-帧路径**又**记一笔（同一帧记两次：账本虚高，正是把记账下移后最容易引入的病）
✅ R9-14-`/stop` 的中止重绘自己再记一笔（同一帧被记两次：用户可见的那次重绘虚高）
✅ R9-15-「没有活跃流可收尾」被记成写卡失败（正常返回被染成故障）
✅ R9-16-心跳退回「回调最后一行」（兄弟模块抛异常就被吞掉）
✅ R9-17-心跳加回 `chat_id` 前置条件（载荷不全的消息不再计入心跳）
✅ R9-18-版本读不到时静默消失（卡片看起来跟一切正常一样）
✅ R9-19-`_when` 的判据退回 `ts > 0`（脏的小正数渲染成一个看着像真时刻的 1970 年日期）
✅ R9-20-卡片不再说清数字是进程级累计（用户拿别人会话的失败原因查自己的卡）
✅ R9-21-启动自检硬编码「命令已注册」（不看真实注册结果，而运维会信这句话）
✅ R9-22-兜底里的 `str(原因)` 自己抛（病态异常穿透处理器，用户什么也看不到）
✅ R9-23-help 退回绝对措辞「仅空闲态可用」（CLI / TUI 里不成立，用户会以为敲了没用）
✅ R9-24-写卡文案退回「累计 N 次」（把**帧数**说成 API 调用次数）
✅ R8-1-失败态改成内联换卡（迟到点击会把已确认退回待答）
✅ R8-2-toast 类型不再区分（失败提示画成 info）
✅ R8-3-不再探测核心能否收下卡片（老签名上直接 TypeError）
✅ R8-4-toast 只给 content 不给 i18n（非中文客户端看到中文）
✅ R8-5-没有 toast 能力时不退回（点击响应变成空）
✅ R8-6-测试把 staticmethod 还原成普通函数（污染同一进程里后续所有用例）
✅ R4-1-新卡重放整段（用户把前半段再看一遍）
✅ R4-2-封旧卡忘了关流式态（旧卡永远停在「正在生成」）
✅ R4-3-切点不看尾巴预算（发一张必被飞书拒的卡）
✅ R4-4-收尾帧重放整段
✅ R4-5-切点不避开代码围栏（两张卡的 markdown 各自残缺）
✅ R4-6-patch 车道（降级之后）重放整段
✅ R4-7-降级分支（元素通道死法）重放整段
✅ R8-7-撤掉未授权用户的拦截（群里任何人都能替你答澄清）
✅ R8-8-空提交（mode=none）重回完全静默（本项目头号失败模式）
✅ R8-9-失败提示不再优先于「其他」提示（失效的澄清也叫用户去打字）
✅ R8-10-撤掉内联换卡调用点的异常兜底（异常穿透 ⇒ 交回内置 ⇒ 载荷被打进会话）
✅ R8-11-NO_PENDING 与 REJECTED_* 不再分流（对已消失的澄清说「请重试」）
✅ R8-12-「其他」提示退回硬编码的 2.0 文案（1.0 卡上提一个不存在的输入框）
✅ R8-13-退化路径（无法内联换卡）重回完全静默（用户点了没反应 ⇒ 再点吃误报）
✅ R8-14-失败 toast 又变成「请重试」（再点一次永远不可能成功，与卡片现状自相矛盾）
✅ B3-失败分支从旧状态出发（`live_state` 里新写的键静默消失）
✅ B2-1-容量满只看外层码（`300315` 两种病被判成同一种）
✅ B2-2-内层码解析不出返回 0（0 在飞书语义里是**成功** ⇒ 失败被读成成功）
✅ B2-3-容量码进重试表（确定性失败变成重试：白等 ≈1.0s 再 fail-open）
✅ B2-5-正则去掉 `\b`（`ErrCode: 11310` 这种前缀粘连也被当成内层码）
✅ B2-6-内层码取第一个匹配（尾部那个权威码被前面的描述码顶掉）
✅ B2-7-内层码解析不出时返回 0 而不是 None（0 = 成功语义 ⇒ 失败被读成成功）
✅ B2-8-被拒原因不再分辨内层码（容量满与 id 错共用一句「被拒」⇒ 归因消失）
✅ 尾巴-1-空面板诊断退回「每一帧都报」（建卡 seed 帧必然为空 ⇒ 每回合一条噪声淹没真凭据）
✅ B2-4-容量码当卡级死法（正文列从 FATAL 变 DEGRADE ⇒ 用户盯着一张不再更新的卡）
✅ B1-0-守卫被整体撤掉（恒为 allow ⇒ 滑窗形同不存在）
✅ B1-4-窗口只修剪不记账（`append` 被摘掉 ⇒ 窗口永远空 ⇒ 守卫永不触发）
✅ B1-5-让出装饰的同一帧顺手连正文也不写（跳过提交点 ⇒ 用户永远看不到那一段）
✅ B1-6-窗口长度被改小（判据从「1 秒 ≤10」静默缩水 ⇒ 限速失效）
✅ B1-7-预览那一笔不入账（窗口少记 ≈0.2 次/秒 ⇒ 守卫对真实速率失明）
✅ B1-1-让出的写也记账（`ck_decor` 被写上 ⇒ 去重逻辑永久跳过 ⇒ 装饰静默冻结）
✅ B1-2-跳过被当成失败（这一帧返回 False ⇒ 核心停用本回合 native、用户掉成纯文本）
✅ B1-3-守卫无条件触发（稳态下装饰全被让出 ⇒ 面板/页脚在真机上默默掉帧）
✅ R13-1-加载序号写死（世代标记退回装饰品）
✅ R13-1b-本模块序号改去读盒子里的当前值（两份模块对象报同一个数 = 世代标记失效）
✅ R13-2-拿不到 manager 时编一个数字（而不是如实说「读不到」）
✅ R12-1-面板锁退回模块局部（两世代各一把 ⇒ 互斥失效，实测能撞出字典迭代异常）
✅ R12-2-指标层的锁退回模块局部
✅ R12-3-「正在探测」集合退回模块局部（另一份 discard 不掉 ⇒ 该模型永不再被探测）
✅ R12-4-注册结论退回模块局部（自检按世代给出两个不同的答案）
✅ R12-5-盒子多出一个没人声明的键（键清单两处真相的最小形态）
✅ R12-6-合并适配器时不再剥旧层（自套娃 ⇒ `super()` 回退路径执行两遍）
✅ R12-7-只按对象同一性认「自己的层」（跨世代那份同名不同对象 ⇒ 剥不掉）
✅ R11-1-正文净化整个撤掉（帧文本原样渲染）
✅ R11-2-工具窗口判据撤掉（没有工具事件也照剥）
✅ R11-3-判据退回「按分隔符切」（模型自己写的分隔线之后的正文被吞）
✅ R11-4-「累积完整」判据撤掉（冻结之后的真答案被吞）
✅ R11-9-收尾帧护栏撤掉（finalize 帧也照剥 ⇒ 静默吞正文且核心不再补发）
✅ G1-22-条件③放宽成「子串」（帧里含累积就剥 ⇒ 会吞掉前面的正文）
✅ G1-23-条件④的「分隔符之后还有内容」撤掉（裸分隔符也照剥 = 剥掉模型写的分隔线）
✅ G2-10-`/stop` 重绘退回基数页脚（最可能被截图的那一帧丢掉短码）
✅ G2-11-正常路径（没有活跃流可收尾）也记一次掉回纯文本（口径与文档相反）
✅ G1-21-帮助文案退回「三条心跳记录」（与状态卡的六条不一致）
✅ G1-19-分隔符常量被改错（判据与实现同源 ⇒ 真机上静默不再剥）
✅ G1-20-自检把每一帧都记成「剥了」（凭据虚高 ⇒ 真机上失去判别力）
✅ G2-9-建实体退回「按这一刻有没有数据」决定页脚元素（重启后第一回合永远没有页脚与短码）
✅ G1-17-选项展示标签不再折叠空白（含换行的选项破坏同源 + 行首 markdown 注入）
✅ G1-18-已答复卡的问题行退回不转义（点一下就从按字面显示变成露出语法）
✅ G1-13-ENV 值类退回不吃转义（`KEY="值"` 凭据原文完整露出）
✅ G1-14-头部规则撤掉（`Cookie:` / `Authorization:` 整条漏脱）
✅ G1-15-家目录规则丢掉左边界（URL 里的 /home/ 被截断成不存在的 URL）
✅ G1-16-脱敏扫描不再限量（最坏形状把 fail-closed 钩子拖到几十毫秒）
✅ G1-11-JSON 值类退回 `[^"]*`（转义引号处提前收尾 ⇒ 半截凭据外露）
✅ G1-12-JSON 值类收紧成不含反斜杠（带反斜杠的凭据完全不脱敏）
✅ G1-10-1.0 按钮的编号从 0 开始（另一处 enumerate —— 同一个隐患两处真相）
✅ G1-9-选项编号从 0 开始（卡面编号与核心的 1 基解析错位 ⇒ 用户照着回数字会答错）
✅ G2-5-帧失败不再记「掉回纯文本」（用户可见的掉卡次数永远是 0）
✅ G2-6-帧失败不再记错误码（top-N 永远是空的）
✅ G2-7-`reset()` 把进程起点也清掉（uptime 永远显示「刚重启」）
✅ G2-8-错误码表没有上限（坏上游能把表撑爆）
✅ G2-1-澄清卡的问题不再转义（markdown 语法被解释）
✅ G2-2-可见选项列表的标签不再转义
✅ G2-3-帧页脚不再带本卡短码（截图与日志又对不上）
✅ G2-4-自检行不再报卡短码
✅ G1-1-卡面可见选项列表被撤掉（选项又只活在下拉里）
✅ G1-2-卡面列表与下拉不同源（列表另算一遍、没去重）
✅ G1-3-2.0 脚注退回旧文案（没有按钮的卡又说「点按钮」）
✅ G1-4-参数脱敏的**接线**被撤掉（函数还在、预览不调它）
✅ G1-5-脱敏判据从「键名以凭据词结尾」放宽成「键名含凭据词」
✅ G1-6-Bearer 规则撤掉（Authorization 头原样露出）
✅ G1-7-家目录前缀折叠撤掉（/Users/<名字>/ 原样露出）
✅ G1-8-ENV 侧判据同样放宽（MAX_TOKENS=… 这类正常内容被涂）
✅ R11-5-工具一结束就关窗口（收尾那一帧恰好就是有进度行的帧）
✅ R11-6-自检不再报「剥了几帧」（真机上再没有凭据）
✅ R11-8-配置项 progress_lines_in_body 又变成空转（文档说的与做的不一致）
✅ R11-7-钩子不传正文增量（正文累积永远为空 ⇒ 真机上永不剥）
✅ PA-1-正文增量入账前被「顺手规整」（累积与核心不再逐字节同源）
✅ PA-2-正文仓库的按会话分桶被换成一把常量键（跨会话串台）
✅ X14a-send() 发送未成功不再记「掉回纯文本」（用户看到纯文本的主路径漏账）
✅ X14b-send() 抛异常那条支路不再记「掉回纯文本」（且原因里没有异常类型）
✅ X18-错误码表上限 24→2（top-N 静默退化成 top-2；原断言拿常量自己算上界）
✅ X19-账本快照退回浅拷贝（读者改快照即污染共享账本）
✅ X20-账本的 codes 退回与 _STATUS_DEFAULTS 共享（清一次等于清全部）
✅ X21-掉回纯文本的原因串不再单行归一（换行把 `#` 顶到行首变成 markdown 语法）
✅ Y5-_dur 的脏值护栏只剩 NaN 那一半（0/-1 编出「已运行 56 年」，未来时间戳显示「刚重启」）
✅ Y20-收尾整卡替换退回基数页脚（用户**最后看到**的那张卡丢短码）
✅ Y21-探针点击不再留凭据（真人点完，我们拿不到任何判定依据 ⇒ 会把成功读成失败）
✅ Y22-插件 logger 关掉向 root 传播（那行**永远到不了 agent.log**，而门禁察觉不到）
✅ Y23-探针判据从「真值性」放宽成「键存在」（探针自检与适配器分叉 ⇒ 点击静默无凭据）
✅ Y24-脱敏扫描窗口被调到不大于展示窗口（同形状立刻变成**可见的未脱敏凭据**）
✅ Y25-澄清卡编号改成「去重后从 1 重排」（数字连续了，但卡面开始**说谎**）
✅ P1a-1-把 `_CkOp` 失败码回填撤掉，改回对失败 op 调 `_CkResult.inner_code()`（具体元素与码丢失）
✅ P1a-2-`/larkdeck status` 不再输出能力探测摘要（探测结论重新变回被动日志）
✅ P1a-3-成功接管后不写 probe 快照（status 永远显示「未探测」，已接管状态不可达）
✅ P1a-4-必需接口缺失早退时不写 probe 快照（最关键的负面结论上不了卡）
✅ P1b-1-缺 clarify_id 的点击退回静默（用户点下去没有任何反应）
✅ P1b-2-未授权点击退回静默（用户不知道自己的点击被拒）
✅ P1b-3-loop 未就绪退回静默（用户点了没反应、也没有提示）
✅ P1b-4-status 心跳行不再显示「距上次多久」（渠道静默断连失去年龄信号）
✅ P1b-5-核心查找名探测永远返回 True（核心改名后 status 仍报「在位」）
✅ P1b-6-status 不再显示核心中断查找名状态（改名静默失灵重新无信号）
✅ P1b-7-字号档位不给元素加 text_size 引用（配置了档位但正文不变）
✅ P1b-8-CardKit 建实体不接字号档位（配置了但流式卡不变）
✅ P1b-9-普通卡建卡不接字号档位（收尾/回退卡与流式卡字号不一致）
✅ P2-1-默认主题退回 neutral（用户点单的 ap_lite 静默消失）
✅ P2-2-neutral 也强行加工具图标（缺省 tool_step 调用不再逐字不变）
✅ P2-3-未知主题不再退回 neutral（把用户笔误当合法主题用）
✅ P2-4-工具分类退回子串包含（`false` 会被误判成 read，图标与语义分叉）
✅ P2-5-面板折叠标题不接思考/工具摘要（退回固定「执行详情」）
✅ CLS-1-工具状态退回旧 emoji 前缀（Succeeded/Running/Failed 状态词消失）
✅ CLS-2-工具细节退回反引号代码块（CLS 的灰色小字消失）
✅ CLS-3-被截断的 JSON 预览不做有界提取（命令 / skill 名字整段消失）
✅ CLS-4-工具分区标题整块丢掉（步数看不见）
✅ CLS-5-未知工具状态解包崩溃（cancelled 工具把整块面板带走）
✅ CLS-6-工具耗时不挡 NaN/Inf（坏 hook 数据让面板计算报错或显示假值）
✅ CLS-7-推理轮总耗时不再封顶（10**400 让 /1000.0 溢出）
✅ CLS-8-分区标题不占面板元素额度（元素墙重新出现 2 个元素的缝）
✅ CLS-9-已知类别的预览退回「第一个值」兜底（把 note 当命令展示）
✅ CLS-10-合法 JSON 缺类别键时回退任意首标量（note 被当命令展示）
✅ CLS-11-截断预览不再解 \uXXXX（CJK 命令细节显示成字面 u4e2d）
✅ CLS-12-工具动作词退回中文（CLS 英文动作词 + i18n 边界失效）
✅ CLS-13-neutral cancelled 退回未知 •（状态符号表与真实状态集分叉）
✅ CLS-14-panel_color_tags 不推给 cards（D3 降级在生产不可达）
✅ CLS-15-颜色降级短路失效（关开关仍输出 <font>）
✅ CLS-16-STATUS_ERROR 映射成完成（❌ 执行出错静默变 ✅）
✅ CLS-17-非法 \uXXXX 不校验（负码点/半截代理崩溃）
✅ CLS-18-neutral 坏 duration 不再挡 NaN/Inf（面板整块丢失）
✅ CLS-19-每轮耗时不再封顶（10**400 让轮标题溢出）
✅ CLS-20-已知类别首键是 dict/list 时不再继续找可用标量
✅ CLS-21-Load skill 动作词退回中文（D2 表不再一致）
✅ P2-6-status 卡不再渲染聚合诊断（新看板只活在被测函数里）
✅ P2-7-能力异常不再加 ⚠️（坏掉的链路看起来和健康一样）
✅ P2-8-运行失败不再加 ⚠️（失败计数和零失败看起来一样）
✅ P2-11-配置刷新读失败不再整次取消（留下半套新配置）
✅ P2-12-刷新不再回写默认值（被官方删掉的键永远留在内存里）
✅ P2-13-聚合行不再显示入站年龄（静默断连失去唯一相对信号）
✅ P2-15-read_terminal 被画成键盘（读取类工具与图标语义分叉）
✅ P2-16-context override 归零不传下去（reload/set 谎报生效）
✅ P2-17-聊天侧只读拒绝被绕过（config set 重新摸到写入路径）
✅ P2-18-reload 不披露 env 遮蔽（用户以为刷新后生效了）
✅ P2-19-空 env 吞掉 reload 提示（官方已改但卡片不提示）
✅ P3-1-standalone sender 不再走卡片工厂（cron 投递退回纯文本）
✅ P3-2-媒体附件被静默丢弃（有附件时不回落内置 sender）
✅ P3-3-standalone 不补 SDK client（真机 cron 文本投递返回 Not connected）
✅ C-对照：建实体失败仍当作成功（被 message_id 检查 + 外层 fail-open 接住）
✅ C-对照：没有 SDK 时不显式 fail-open（被外层 except 接住）
✅ C-对照：真判据不再单独检查字节上限（被面板判据覆盖）
✅ C-对照：default 加行内注释（合法 YAML）
✅ C-对照：预览的内容去重被撤（限频先挡住了，结果等价）
✅ C-对照：预览失败时也更新限频戳（dead 已短路，结果等价）
✅ C-对照：进度表阶段名后加全角括号（信息等价，旧门禁在这里假红）
✅ C-对照：纯注释改动

锚点对账：378/378 可用（变异 370 + 对照 8）
✅ 全部锚点存在且唯一
⚠️ 仅此而已：**没跑任何门禁、也没做基线自校验**。它只回答「锚点还在不在、唯不唯一」这**一个**问题 ——
   锚点落在注释里 / 落在用例不经过的分支上 / 撤掉后压根不会变红，它都看不出来。**别拿它当提交前的绿灯**（那是 `tests/mutate_check.py` 全量跑的事）。
